------------------------------------------------------------
TimeQuest Timing Analyzer Summary
------------------------------------------------------------

Type  : Setup 'CLK_SDRAM'
Slack : 1.369
TNS   : 0.000

Type  : Setup 'CPU_CLK'
Slack : 15.244
TNS   : 0.000

Type  : Setup 'JTAG_TCK'
Slack : 93.425
TNS   : 0.000

Type  : Hold 'CLK_SDRAM'
Slack : 0.323
TNS   : 0.000

Type  : Hold 'CPU_CLK'
Slack : 0.324
TNS   : 0.000

Type  : Hold 'JTAG_TCK'
Slack : 0.378
TNS   : 0.000

Type  : Recovery 'CLK_SDRAM'
Slack : 4.177
TNS   : 0.000

Type  : Recovery 'CPU_CLK'
Slack : 42.836
TNS   : 0.000

Type  : Removal 'CPU_CLK'
Slack : 0.979
TNS   : 0.000

Type  : Removal 'CLK_SDRAM'
Slack : 3.641
TNS   : 0.000

Type  : Minimum Pulse Width 'CLK_SDRAM'
Slack : 4.707
TNS   : 0.000

Type  : Minimum Pulse Width 'MAX10_CLK2_50'
Slack : 9.831
TNS   : 0.000

Type  : Minimum Pulse Width 'CPU_CLK'
Slack : 24.667
TNS   : 0.000

Type  : Minimum Pulse Width 'JTAG_TCK'
Slack : 99.632
TNS   : 0.000

------------------------------------------------------------
